// Jest Snapshot v1, https://goo.gl/fbAQLP

exports[`Display matches snapshot 1`] = `
<div
  className="display panel"
>
  <div
    className="led green-led"
    data-testid="lockStatus"
  >
    Unlocked
  </div>
  <div
    className="led green-led"
    data-testid="openStatus"
  >
    Open
  </div>
</div>
`;
